ojsalesdata/https%3A/%2Fazureopendatastorage.azurefd.net/ojsales-simulatedcontainer/oj_sales_data/Store365_dominicks.csv
WeekStarting,Store,Brand,Quantity,Advert,Price,Revenue
1990-06-14,365,dominicks,12152,1,2.65,32202.8
1990-06-21,365,dominicks,13024,1,2.1,27350.4
1990-06-28,365,dominicks,17516,1,2.58,45191.28
1990-07-05,365,dominicks,10381,1,2.63,27302.03
1990-07-12,365,dominicks,10968,1,2.43,26652.24
1990-07-19,365,dominicks,13748,1,2.47,33957.560000000005
1990-07-26,365,dominicks,17374,1,2.26,39265.24
1990-08-02,365,dominicks,14385,1,2.48,35674.8
1990-08-09,365,dominicks,16136,1,1.95,31465.2
1990-08-16,365,dominicks,9872,1,2.15,21224.8
1990-08-23,365,dominicks,12988,1,2.48,32210.239999999998
1990-08-30,365,dominicks,19999,1,2.13,42597.869999999995
1990-09-06,365,dominicks,19895,1,2.45,48742.75
1990-09-13,365,dominicks,18929,1,2.27,42968.83
1990-09-20,365,dominicks,9057,1,2.49,22551.93
1990-09-27,365,dominicks,19829,1,2.65,52546.85
1990-10-04,365,dominicks,17652,1,1.97,34774.44
1990-10-11,365,dominicks,12399,1,2.44,30253.559999999998
1990-10-18,365,dominicks,18930,1,2.28,43160.399999999994
1990-10-25,365,dominicks,10856,1,2.33,25294.48
1990-11-01,365,dominicks,11465,1,2.1,24076.5
1990-11-08,365,dominicks,10662,1,2.02,21537.24
1990-11-15,365,dominicks,13758,1,2.26,31093.079999999998
1990-11-22,365,dominicks,19867,1,1.92,38144.64
1990-11-29,365,dominicks,17283,1,1.95,33701.85
1990-12-06,365,dominicks,14083,1,2.45,34503.350000000006
1990-12-13,365,dominicks,19345,1,1.97,38109.65
1990-12-20,365,dominicks,12641,1,2.39,30211.99
1990-12-27,365,dominicks,11736,1,2.47,28987.920000000002
1991-01-03,365,dominicks,9425,1,2.36,22243.0
1991-01-10,365,dominicks,10374,1,2.44,25312.559999999998
1991-01-17,365,dominicks,9653,1,2.55,24615.149999999998
1991-01-24,365,dominicks,15567,1,2.0,31134.0
1991-01-31,365,dominicks,16741,1,2.68,44865.880000000005
1991-02-07,365,dominicks,15892,1,2.43,38617.560000000005
1991-02-14,365,dominicks,19087,1,2.42,46190.54
1991-02-21,365,dominicks,15355,1,2.6,39923.0
1991-02-28,365,dominicks,9628,1,2.48,23877.44
1991-03-07,365,dominicks,17881,1,2.47,44166.07000000001
1991-03-14,365,dominicks,10307,1,2.2,22675.4
1991-03-21,365,dominicks,11442,1,1.99,22769.579999999998
1991-03-28,365,dominicks,16906,1,2.5,42265.0
1991-04-04,365,dominicks,16880,1,2.43,41018.4
1991-04-11,365,dominicks,12647,1,2.36,29846.92
1991-04-18,365,dominicks,10911,1,2.52,27495.72
1991-04-25,365,dominicks,17273,1,2.34,40418.82
1991-05-02,365,dominicks,15688,1,2.23,34984.24
1991-05-09,365,dominicks,9608,1,2.51,24116.079999999998
1991-05-16,365,dominicks,13767,1,2.34,32214.78
1991-05-23,365,dominicks,17219,1,2.59,44597.21
1991-05-30,365,dominicks,19683,1,2.09,41137.469999999994
1991-06-06,365,dominicks,10534,1,2.55,26861.699999999997
1991-06-13,365,dominicks,13873,1,2.64,36624.72
1991-06-20,365,dominicks,10162,1,2.31,23474.22
1991-06-27,365,dominicks,11662,1,2.06,24023.72
1991-07-04,365,dominicks,13634,1,2.68,36539.12
1991-07-11,365,dominicks,16709,1,1.95,32582.55
1991-07-18,365,dominicks,17862,1,2.48,44297.76
1991-07-25,365,dominicks,16489,1,2.21,36440.69
1991-08-01,365,dominicks,18849,1,2.34,44106.659999999996
1991-08-08,365,dominicks,18037,1,2.16,38959.920000000006
1991-08-15,365,dominicks,12373,1,2.62,32417.260000000002
1991-08-22,365,dominicks,12455,1,2.39,29767.45
1991-08-29,365,dominicks,9890,1,2.61,25812.899999999998
1991-09-05,365,dominicks,12036,1,2.41,29006.760000000002
1991-09-12,365,dominicks,10318,1,2.2,22699.600000000002
1991-09-19,365,dominicks,12394,1,2.19,27142.86
1991-09-26,365,dominicks,18976,1,2.05,38900.799999999996
1991-10-03,365,dominicks,16918,1,2.56,43310.08
1991-10-10,365,dominicks,18779,1,1.92,36055.68
1991-10-17,365,dominicks,18532,1,2.5,46330.0
1991-10-24,365,dominicks,16504,1,2.02,33338.08
1991-10-31,365,dominicks,17665,1,1.93,34093.45
1991-11-07,365,dominicks,19745,1,2.62,51731.9
1991-11-14,365,dominicks,15526,1,2.3,35709.799999999996
1991-11-21,365,dominicks,9391,1,2.54,23853.14
1991-11-28,365,dominicks,13470,1,2.44,32866.8
1991-12-05,365,dominicks,10710,1,1.94,20777.399999999998
1991-12-12,365,dominicks,10657,1,2.36,25150.52
1991-12-19,365,dominicks,15612,1,2.53,39498.36
1991-12-26,365,dominicks,14143,1,2.02,28568.86
1992-01-02,365,dominicks,13008,1,2.22,28877.760000000002
1992-01-09,365,dominicks,13812,1,2.11,29143.32
1992-01-16,365,dominicks,17628,1,2.13,37547.64
1992-01-23,365,dominicks,18888,1,2.15,40609.2
1992-01-30,365,dominicks,19528,1,2.37,46281.36
1992-02-06,365,dominicks,10486,1,2.54,26634.44
1992-02-13,365,dominicks,18776,1,2.3,43184.799999999996
1992-02-20,365,dominicks,13190,1,2.22,29281.800000000003
1992-02-27,365,dominicks,10209,1,2.07,21132.629999999997
1992-03-05,365,dominicks,17868,1,2.13,38058.84
1992-03-12,365,dominicks,17282,1,1.96,33872.72
1992-03-19,365,dominicks,15976,1,2.36,37703.36
1992-03-26,365,dominicks,19901,1,1.9,37811.9
1992-04-02,365,dominicks,14246,1,2.5,35615.0
1992-04-09,365,dominicks,17938,1,2.08,37311.04
1992-04-16,365,dominicks,11990,1,2.17,26018.3
1992-04-23,365,dominicks,9375,1,2.37,22218.75
1992-04-30,365,dominicks,16031,1,2.11,33825.409999999996
1992-05-07,365,dominicks,14623,1,1.91,27929.93
1992-05-14,365,dominicks,15695,1,2.46,38609.7
1992-05-21,365,dominicks,14637,1,2.15,31469.55
1992-05-28,365,dominicks,14331,1,2.52,36114.12
1992-06-04,365,dominicks,10695,1,1.91,20427.45
1992-06-11,365,dominicks,16684,1,2.07,34535.88
1992-06-18,365,dominicks,15685,1,2.3,36075.5
1992-06-25,365,dominicks,9357,1,2.01,18807.57
1992-07-02,365,dominicks,9419,1,2.47,23264.93
1992-07-09,365,dominicks,18981,1,2.13,40429.53
1992-07-16,365,dominicks,12994,1,2.65,34434.1
1992-07-23,365,dominicks,13167,1,2.05,26992.35
1992-07-30,365,dominicks,10825,1,2.05,22191.249999999996
1992-08-06,365,dominicks,9110,1,2.51,22866.1
1992-08-13,365,dominicks,19251,1,1.96,37731.96
1992-08-20,365,dominicks,11352,1,2.3,26109.6
1992-08-27,365,dominicks,9146,1,2.5,22865.0
1992-09-03,365,dominicks,10522,1,2.36,24831.92
1992-09-10,365,dominicks,13732,1,2.33,31995.56
1992-09-17,365,dominicks,19518,1,1.93,37669.74
1992-09-24,365,dominicks,19825,1,2.3,45597.5
1992-10-01,365,dominicks,14347,1,1.94,27833.18
